[CookieMonitor] 监测服务未启用
  <-- GET /api
  <-- GET /api
  --> GET /api [36m302[0m 437ms
  --> GET /api [36m302[0m 697ms
  <-- GET /admin
  --> GET /admin [32m200[0m 2ms
  <-- GET /admin/check
  --> GET /admin/check [32m200[0m 1ms
  <-- GET /admin/cookies
  --> GET /admin/cookies [32m200[0m 1ms
  <-- GET /admin/users
  --> GET /admin/users [32m200[0m 1ms
  <-- GET /admin/logs
  --> GET /admin/logs [32m200[0m 1ms
  <-- GET /admin/2fa/status
  --> GET /admin/2fa/status [32m200[0m 0ms
  <-- GET /admin/check
  --> GET /admin/check [32m200[0m 0ms
  <-- GET /admin/config
  --> GET /admin/config [32m200[0m 1ms
  <-- GET /admin/cookies
  --> GET /admin/cookies [32m200[0m 0ms
  <-- GET /api
  <-- GET /api
  <-- GET /admin/cookies
  --> GET /admin/cookies [32m200[0m 0ms
  <-- GET /admin/cookies
  --> GET /admin/cookies [32m200[0m 0ms
  <-- GET /api
  --> GET /api [36m302[0m 463ms
  --> GET /api [32m200[0m 332ms
  <-- GET /api
  <-- GET /api
  <-- GET /api
  --> GET /api [36m302[0m 369ms
  --> GET /api [32m200[0m 461ms
  --> GET /api [36m302[0m 504ms
  <-- GET /api
  <-- GET /api
  <-- GET /api
  --> GET /api [32m200[0m 2s
  <-- GET /api
  --> GET /api [36m302[0m 408ms
  --> GET /api [36m302[0m 412ms
  --> GET /api [36m302[0m 493ms
  --> GET /api [32m200[0m 179ms
  <-- GET /api
  --> GET /api [36m302[0m 516ms
  <-- GET /api
  --> GET /api [36m302[0m 521ms
  <-- GET /api
  --> GET /api [36m302[0m 587ms
  <-- GET /api
  <-- GET /api
  <-- GET /api
  <-- GET /api
  <-- GET /api
  <-- GET /api
  <-- GET /api
  <-- GET /api
  --> GET /api [36m302[0m 481ms
  --> GET /api [32m200[0m 536ms
  --> GET /api [36m302[0m 470ms
  --> GET /api [36m302[0m 449ms
  --> GET /api [36m302[0m 497ms
  --> GET /api [36m302[0m 528ms
  --> GET /api [36m302[0m 621ms
  --> GET /api [32m200[0m 1s
  <-- GET /api
  --> GET /api [32m200[0m 204ms
  <-- GET /audio/qishui
  --> GET /audio/qishui [32m200[0m 202ms
  <-- GET /audio/qishui
  --> GET /audio/qishui [32m206[0m 1ms
  <-- GET /audio/qishui
  --> GET /audio/qishui [32m206[0m 2ms
  <-- GET /api
  --> GET /api [32m200[0m 542ms
